{
  "year": 2025,
  "month": 8,
  "days": [
    {
      "date": "2025-08-01T00:00:00Z",
      "isAvailable": false,
      "timeSlots": [],
      "summary": {
        "totalSlots": 0,
        "availableSlots": 0,
        "bookedSlots": 0,
        "availabilityPercentage": 0
      }
    },
    {
      "date": "2025-08-02T00:00:00Z",
      "isAvailable": false,
      "timeSlots": [],
      "summary": {
        "totalSlots": 0,
        "availableSlots": 0,
        "bookedSlots": 0,
        "availabilityPercentage": 0
      }
    },
    {
      "date": "2025-08-03T00:00:00Z",
      "isAvailable": false,
      "timeSlots": [],
      "summary": {
        "totalSlots": 0,
        "availableSlots": 0,
        "bookedSlots": 0,
        "availabilityPercentage": 0
      }
    },
    {
      "date": "2025-08-04T00:00:00Z",
      "isAvailable": true,
      "timeSlots": [
        {
          "startTime": "09:00",
          "endTime": "09:30",
          "isBooked": false,
          "isAvailable": true
        },
        {
          "startTime": "09:45",
          "endTime": "10:15",
          "isBooked": false,
          "isAvailable": true
        },
        {
          "startTime": "10:30",
          "endTime": "11:00",
          "isBooked": false,
          "isAvailable": true
        },
        {
          "startTime": "11:15",
          "endTime": "11:45",
          "isBooked": false,
          "isAvailable": true
        },
        {
          "startTime": "12:00",
          "endTime": "12:30",
          "isBooked": false,
          "isAvailable": true
        },
        {
          "startTime": "12:45",
          "endTime": "13:15",
          "isBooked": false,
          "isAvailable": true
        },
        {
          "startTime": "13:30",
          "endTime": "14:00",
          "isBooked": false,
          "isAvailable": true
        },
        {
          "startTime": "14:15",
          "endTime": "14:45",
          "isBooked": false,
          "isAvailable": true
        },
        {
          "startTime": "15:00",
          "endTime": "15:30",
          "isBooked": false,
          "isAvailable": true
        },
        {
          "startTime": "15:45",
          "endTime": "16:15",
          "isBooked": false,
          "isAvailable": true
        },
        {
          "startTime": "16:30",
          "endTime": "17:00",
          "isBooked": false,
          "isAvailable": true
        }
      ],
      "summary": {
        "totalSlots": 11,
        "availableSlots": 11,
        "bookedSlots": 0,
        "availabilityPercentage": 100
      }
    },
    {
      "date": "2025-08-05T00:00:00Z",
      "isAvailable": false,
      "timeSlots": [],
      "summary": {
        "totalSlots": 0,
        "availableSlots": 0,
        "bookedSlots": 0,
        "availabilityPercentage": 0
      }
    },
    {
      "date": "2025-08-06T00:00:00Z",
      "isAvailable": true,
      "timeSlots": [
        {
          "startTime": "10:00",
          "endTime": "10:30",
          "isBooked": false,
          "isAvailable": true
        },
        {
          "startTime": "10:45",
          "endTime": "11:15",
          "isBooked": false,
          "isAvailable": true
        },
        {
          "startTime": "11:30",
          "endTime": "12:00",
          "isBooked": false,
          "isAvailable": true
        },
        {
          "startTime": "12:15",
          "endTime": "12:45",
          "isBooked": false,
          "isAvailable": true
        },
        {
          "startTime": "13:00",
          "endTime": "13:30",
          "isBooked": false,
          "isAvailable": true
        },
        {
          "startTime": "13:45",
          "endTime": "14:15",
          "isBooked": false,
          "isAvailable": true
        },
        {
          "startTime": "14:30",
          "endTime": "15:00",
          "isBooked": false,
          "isAvailable": true
        },
        {
          "startTime": "15:15",
          "endTime": "15:45",
          "isBooked": false,
          "isAvailable": true
        }
      ],
      "summary": {
        "totalSlots": 8,
        "availableSlots": 8,
        "bookedSlots": 0,
        "availabilityPercentage": 100
      }
    },
    {
      "date": "2025-08-07T00:00:00Z",
      "isAvailable": true,
      "timeSlots": [
        {
          "startTime": "08:00",
          "endTime": "08:30",
          "isBooked": false,
          "isAvailable": true
        },
        {
          "startTime": "08:45",
          "endTime": "09:15",
          "isBooked": false,
          "isAvailable": true
        },
        {
          "startTime": "09:30",
          "endTime": "10:00",
          "isBooked": false,
          "isAvailable": true
        },
        {
          "startTime": "10:15",
          "endTime": "10:45",
          "isBooked": false,
          "isAvailable": true
        },
        {
          "startTime": "11:00",
          "endTime": "11:30",
          "isBooked": false,
          "isAvailable": true
        },
        {
          "startTime": "11:45",
          "endTime": "12:15",
          "isBooked": false,
          "isAvailable": true
        },
        {
          "startTime": "12:30",
          "endTime": "13:00",
          "isBooked": false,
          "isAvailable": true
        },
        {
          "startTime": "13:15",
          "endTime": "13:45",
          "isBooked": false,
          "isAvailable": true
        }
      ],
      "summary": {
        "totalSlots": 8,
        "availableSlots": 8,
        "bookedSlots": 0,
        "availabilityPercentage": 100
      }
    },
    {
      "date": "2025-08-08T00:00:00Z",
      "isAvailable": false,
      "timeSlots": [],
      "summary": {
        "totalSlots": 0,
        "availableSlots": 0,
        "bookedSlots": 0,
        "availabilityPercentage": 0
      }
    },
    {
      "date": "2025-08-09T00:00:00Z",
      "isAvailable": false,
      "timeSlots": [],
      "summary": {
        "totalSlots": 0,
        "availableSlots": 0,
        "bookedSlots": 0,
        "availabilityPercentage": 0
      }
    },
    {
      "date": "2025-08-10T00:00:00Z",
      "isAvailable": false,
      "timeSlots": [],
      "summary": {
        "totalSlots": 0,
        "availableSlots": 0,
        "bookedSlots": 0,
        "availabilityPercentage": 0
      }
    },
    {
      "date": "2025-08-11T00:00:00Z",
      "isAvailable": true,
      "timeSlots": [
        {
          "startTime": "09:00",
          "endTime": "09:30",
          "isBooked": false,
          "isAvailable": true
        },
        {
          "startTime": "09:45",
          "endTime": "10:15",
          "isBooked": false,
          "isAvailable": true
        },
        {
          "startTime": "10:30",
          "endTime": "11:00",
          "isBooked": false,
          "isAvailable": true
        },
        {
          "startTime": "11:15",
          "endTime": "11:45",
          "isBooked": false,
          "isAvailable": true
        },
        {
          "startTime": "12:00",
          "endTime": "12:30",
          "isBooked": false,
          "isAvailable": true
        },
        {
          "startTime": "12:45",
          "endTime": "13:15",
          "isBooked": false,
          "isAvailable": true
        },
        {
          "startTime": "13:30",
          "endTime": "14:00",
          "isBooked": false,
          "isAvailable": true
        },
        {
          "startTime": "14:15",
          "endTime": "14:45",
          "isBooked": false,
          "isAvailable": true
        },
        {
          "startTime": "15:00",
          "endTime": "15:30",
          "isBooked": false,
          "isAvailable": true
        },
        {
          "startTime": "15:45",
          "endTime": "16:15",
          "isBooked": false,
          "isAvailable": true
        },
        {
          "startTime": "16:30",
          "endTime": "17:00",
          "isBooked": false,
          "isAvailable": true
        }
      ],
      "summary": {
        "totalSlots": 11,
        "availableSlots": 11,
        "bookedSlots": 0,
        "availabilityPercentage": 100
      }
    },
    {
      "date": "2025-08-12T00:00:00Z",
      "isAvailable": false,
      "timeSlots": [],
      "summary": {
        "totalSlots": 0,
        "availableSlots": 0,
        "bookedSlots": 0,
        "availabilityPercentage": 0
      }
    },
    {
      "date": "2025-08-13T00:00:00Z",
      "isAvailable": true,
      "timeSlots": [
        {
          "startTime": "10:00",
          "endTime": "10:30",
          "isBooked": false,
          "isAvailable": true
        },
        {
          "startTime": "10:45",
          "endTime": "11:15",
          "isBooked": false,
          "isAvailable": true
        },
        {
          "startTime": "11:30",
          "endTime": "12:00",
          "isBooked": false,
          "isAvailable": true
        },
        {
          "startTime": "12:15",
          "endTime": "12:45",
          "isBooked": false,
          "isAvailable": true
        },
        {
          "startTime": "13:00",
          "endTime": "13:30",
          "isBooked": false,
          "isAvailable": true
        },
        {
          "startTime": "13:45",
          "endTime": "14:15",
          "isBooked": false,
          "isAvailable": true
        },
        {
          "startTime": "14:30",
          "endTime": "15:00",
          "isBooked": false,
          "isAvailable": true
        },
        {
          "startTime": "15:15",
          "endTime": "15:45",
          "isBooked": false,
          "isAvailable": true
        }
      ],
      "summary": {
        "totalSlots": 8,
        "availableSlots": 8,
        "bookedSlots": 0,
        "availabilityPercentage": 100
      }
    },
    {
      "date": "2025-08-14T00:00:00Z",
      "isAvailable": true,
      "timeSlots": [
        {
          "startTime": "08:00",
          "endTime": "08:30",
          "isBooked": false,
          "isAvailable": true
        },
        {
          "startTime": "08:45",
          "endTime": "09:15",
          "isBooked": false,
          "isAvailable": true
        },
        {
          "startTime": "09:30",
          "endTime": "10:00",
          "isBooked": false,
          "isAvailable": true
        },
        {
          "startTime": "10:15",
          "endTime": "10:45",
          "isBooked": false,
          "isAvailable": true
        },
        {
          "startTime": "11:00",
          "endTime": "11:30",
          "isBooked": false,
          "isAvailable": true
        },
        {
          "startTime": "11:45",
          "endTime": "12:15",
          "isBooked": false,
          "isAvailable": true
        },
        {
          "startTime": "12:30",
          "endTime": "13:00",
          "isBooked": false,
          "isAvailable": true
        },
        {
          "startTime": "13:15",
          "endTime": "13:45",
          "isBooked": false,
          "isAvailable": true
        }
      ],
      "summary": {
        "totalSlots": 8,
        "availableSlots": 8,
        "bookedSlots": 0,
        "availabilityPercentage": 100
      }
    },
    {
      "date": "2025-08-15T00:00:00Z",
      "isAvailable": false,
      "timeSlots": [],
      "summary": {
        "totalSlots": 0,
        "availableSlots": 0,
        "bookedSlots": 0,
        "availabilityPercentage": 0
      }
    },
    {
      "date": "2025-08-16T00:00:00Z",
      "isAvailable": false,
      "timeSlots": [],
      "summary": {
        "totalSlots": 0,
        "availableSlots": 0,
        "bookedSlots": 0,
        "availabilityPercentage": 0
      }
    },
    {
      "date": "2025-08-17T00:00:00Z",
      "isAvailable": false,
      "timeSlots": [],
      "summary": {
        "totalSlots": 0,
        "availableSlots": 0,
        "bookedSlots": 0,
        "availabilityPercentage": 0
      }
    },
    {
      "date": "2025-08-18T00:00:00Z",
      "isAvailable": true,
      "timeSlots": [
        {
          "startTime": "09:00",
          "endTime": "09:30",
          "isBooked": false,
          "isAvailable": true
        },
        {
          "startTime": "09:45",
          "endTime": "10:15",
          "isBooked": false,
          "isAvailable": true
        },
        {
          "startTime": "10:30",
          "endTime": "11:00",
          "isBooked": false,
          "isAvailable": true
        },
        {
          "startTime": "11:15",
          "endTime": "11:45",
          "isBooked": false,
          "isAvailable": true
        },
        {
          "startTime": "12:00",
          "endTime": "12:30",
          "isBooked": false,
          "isAvailable": true
        },
        {
          "startTime": "12:45",
          "endTime": "13:15",
          "isBooked": false,
          "isAvailable": true
        },
        {
          "startTime": "13:30",
          "endTime": "14:00",
          "isBooked": false,
          "isAvailable": true
        },
        {
          "startTime": "14:15",
          "endTime": "14:45",
          "isBooked": false,
          "isAvailable": true
        },
        {
          "startTime": "15:00",
          "endTime": "15:30",
          "isBooked": false,
          "isAvailable": true
        },
        {
          "startTime": "15:45",
          "endTime": "16:15",
          "isBooked": false,
          "isAvailable": true
        },
        {
          "startTime": "16:30",
          "endTime": "17:00",
          "isBooked": false,
          "isAvailable": true
        }
      ],
      "summary": {
        "totalSlots": 11,
        "availableSlots": 11,
        "bookedSlots": 0,
        "availabilityPercentage": 100
      }
    },
    {
      "date": "2025-08-19T00:00:00Z",
      "isAvailable": false,
      "timeSlots": [],
      "summary": {
        "totalSlots": 0,
        "availableSlots": 0,
        "bookedSlots": 0,
        "availabilityPercentage": 0
      }
    },
    {
      "date": "2025-08-20T00:00:00Z",
      "isAvailable": true,
      "timeSlots": [
        {
          "startTime": "10:00",
          "endTime": "10:30",
          "isBooked": false,
          "isAvailable": true
        },
        {
          "startTime": "10:45",
          "endTime": "11:15",
          "isBooked": false,
          "isAvailable": true
        },
        {
          "startTime": "11:30",
          "endTime": "12:00",
          "isBooked": false,
          "isAvailable": true
        },
        {
          "startTime": "12:15",
          "endTime": "12:45",
          "isBooked": false,
          "isAvailable": true
        },
        {
          "startTime": "13:00",
          "endTime": "13:30",
          "isBooked": false,
          "isAvailable": true
        },
        {
          "startTime": "13:45",
          "endTime": "14:15",
          "isBooked": false,
          "isAvailable": true
        },
        {
          "startTime": "14:30",
          "endTime": "15:00",
          "isBooked": false,
          "isAvailable": true
        },
        {
          "startTime": "15:15",
          "endTime": "15:45",
          "isBooked": false,
          "isAvailable": true
        }
      ],
      "summary": {
        "totalSlots": 8,
        "availableSlots": 8,
        "bookedSlots": 0,
        "availabilityPercentage": 100
      }
    },
    {
      "date": "2025-08-21T00:00:00Z",
      "isAvailable": true,
      "timeSlots": [
        {
          "startTime": "08:00",
          "endTime": "08:30",
          "isBooked": false,
          "isAvailable": true
        },
        {
          "startTime": "08:45",
          "endTime": "09:15",
          "isBooked": false,
          "isAvailable": true
        },
        {
          "startTime": "09:30",
          "endTime": "10:00",
          "isBooked": false,
          "isAvailable": true
        },
        {
          "startTime": "10:15",
          "endTime": "10:45",
          "isBooked": false,
          "isAvailable": true
        },
        {
          "startTime": "11:00",
          "endTime": "11:30",
          "isBooked": false,
          "isAvailable": true
        },
        {
          "startTime": "11:45",
          "endTime": "12:15",
          "isBooked": false,
          "isAvailable": true
        },
        {
          "startTime": "12:30",
          "endTime": "13:00",
          "isBooked": false,
          "isAvailable": true
        },
        {
          "startTime": "13:15",
          "endTime": "13:45",
          "isBooked": false,
          "isAvailable": true
        }
      ],
      "summary": {
        "totalSlots": 8,
        "availableSlots": 8,
        "bookedSlots": 0,
        "availabilityPercentage": 100
      }
    },
    {
      "date": "2025-08-22T00:00:00Z",
      "isAvailable": false,
      "timeSlots": [],
      "summary": {
        "totalSlots": 0,
        "availableSlots": 0,
        "bookedSlots": 0,
        "availabilityPercentage": 0
      }
    },
    {
      "date": "2025-08-23T00:00:00Z",
      "isAvailable": false,
      "timeSlots": [],
      "summary": {
        "totalSlots": 0,
        "availableSlots": 0,
        "bookedSlots": 0,
        "availabilityPercentage": 0
      }
    },
    {
      "date": "2025-08-24T00:00:00Z",
      "isAvailable": false,
      "timeSlots": [],
      "summary": {
        "totalSlots": 0,
        "availableSlots": 0,
        "bookedSlots": 0,
        "availabilityPercentage": 0
      }
    },
    {
      "date": "2025-08-25T00:00:00Z",
      "isAvailable": true,
      "timeSlots": [
        {
          "startTime": "09:00",
          "endTime": "09:30",
          "isBooked": false,
          "isAvailable": true
        },
        {
          "startTime": "09:45",
          "endTime": "10:15",
          "isBooked": false,
          "isAvailable": true
        },
        {
          "startTime": "10:30",
          "endTime": "11:00",
          "isBooked": false,
          "isAvailable": true
        },
        {
          "startTime": "11:15",
          "endTime": "11:45",
          "isBooked": false,
          "isAvailable": true
        },
        {
          "startTime": "12:00",
          "endTime": "12:30",
          "isBooked": false,
          "isAvailable": true
        },
        {
          "startTime": "12:45",
          "endTime": "13:15",
          "isBooked": false,
          "isAvailable": true
        },
        {
          "startTime": "13:30",
          "endTime": "14:00",
          "isBooked": false,
          "isAvailable": true
        },
        {
          "startTime": "14:15",
          "endTime": "14:45",
          "isBooked": false,
          "isAvailable": true
        },
        {
          "startTime": "15:00",
          "endTime": "15:30",
          "isBooked": false,
          "isAvailable": true
        },
        {
          "startTime": "15:45",
          "endTime": "16:15",
          "isBooked": false,
          "isAvailable": true
        },
        {
          "startTime": "16:30",
          "endTime": "17:00",
          "isBooked": false,
          "isAvailable": true
        }
      ],
      "summary": {
        "totalSlots": 11,
        "availableSlots": 11,
        "bookedSlots": 0,
        "availabilityPercentage": 100
      }
    },
    {
      "date": "2025-08-26T00:00:00Z",
      "isAvailable": false,
      "timeSlots": [],
      "summary": {
        "totalSlots": 0,
        "availableSlots": 0,
        "bookedSlots": 0,
        "availabilityPercentage": 0
      }
    },
    {
      "date": "2025-08-27T00:00:00Z",
      "isAvailable": true,
      "timeSlots": [
        {
          "startTime": "10:00",
          "endTime": "10:30",
          "isBooked": false,
          "isAvailable": true
        },
        {
          "startTime": "10:45",
          "endTime": "11:15",
          "isBooked": false,
          "isAvailable": true
        },
        {
          "startTime": "11:30",
          "endTime": "12:00",
          "isBooked": false,
          "isAvailable": true
        },
        {
          "startTime": "12:15",
          "endTime": "12:45",
          "isBooked": false,
          "isAvailable": true
        },
        {
          "startTime": "13:00",
          "endTime": "13:30",
          "isBooked": false,
          "isAvailable": true
        },
        {
          "startTime": "13:45",
          "endTime": "14:15",
          "isBooked": false,
          "isAvailable": true
        },
        {
          "startTime": "14:30",
          "endTime": "15:00",
          "isBooked": false,
          "isAvailable": true
        },
        {
          "startTime": "15:15",
          "endTime": "15:45",
          "isBooked": false,
          "isAvailable": true
        }
      ],
      "summary": {
        "totalSlots": 8,
        "availableSlots": 8,
        "bookedSlots": 0,
        "availabilityPercentage": 100
      }
    },
    {
      "date": "2025-08-28T00:00:00Z",
      "isAvailable": true,
      "timeSlots": [
        {
          "startTime": "08:00",
          "endTime": "08:30",
          "isBooked": false,
          "isAvailable": true
        },
        {
          "startTime": "08:45",
          "endTime": "09:15",
          "isBooked": false,
          "isAvailable": true
        },
        {
          "startTime": "09:30",
          "endTime": "10:00",
          "isBooked": false,
          "isAvailable": true
        },
        {
          "startTime": "10:15",
          "endTime": "10:45",
          "isBooked": false,
          "isAvailable": true
        },
        {
          "startTime": "11:00",
          "endTime": "11:30",
          "isBooked": false,
          "isAvailable": true
        },
        {
          "startTime": "11:45",
          "endTime": "12:15",
          "isBooked": false,
          "isAvailable": true
        },
        {
          "startTime": "12:30",
          "endTime": "13:00",
          "isBooked": false,
          "isAvailable": true
        },
        {
          "startTime": "13:15",
          "endTime": "13:45",
          "isBooked": false,
          "isAvailable": true
        }
      ],
      "summary": {
        "totalSlots": 8,
        "availableSlots": 8,
        "bookedSlots": 0,
        "availabilityPercentage": 100
      }
    },
    {
      "date": "2025-08-29T00:00:00Z",
      "isAvailable": false,
      "timeSlots": [],
      "summary": {
        "totalSlots": 0,
        "availableSlots": 0,
        "bookedSlots": 0,
        "availabilityPercentage": 0
      }
    },
    {
      "date": "2025-08-30T00:00:00Z",
      "isAvailable": false,
      "timeSlots": [],
      "summary": {
        "totalSlots": 0,
        "availableSlots": 0,
        "bookedSlots": 0,
        "availabilityPercentage": 0
      }
    },
    {
      "date": "2025-08-31T00:00:00Z",
      "isAvailable": false,
      "timeSlots": [],
      "summary": {
        "totalSlots": 0,
        "availableSlots": 0,
        "bookedSlots": 0,
        "availabilityPercentage": 0
      }
    }
  ]
}
